current directory: /Users/smriti/Documents/GitHub/smriti-ganapathi.github.io/vendor/bundle/ruby/3.3.0/gems/http_parser.rb-0.8.1/ext/ruby_http_parser
/Users/smriti/.rbenv/versions/3.3.4/bin/ruby extconf.rb
creating Makefile

current directory: /Users/smriti/Documents/GitHub/smriti-ganapathi.github.io/vendor/bundle/ruby/3.3.0/gems/http_parser.rb-0.8.1/ext/ruby_http_parser
make DESTDIR\= sitearchdir\=./.gem.20260925-90957-y3xsvf sitelibdir\=./.gem.20260925-90957-y3xsvf clean

current directory: /Users/smriti/Documents/GitHub/smriti-ganapathi.github.io/vendor/bundle/ruby/3.3.0/gems/http_parser.rb-0.8.1/ext/ruby_http_parser
make DESTDIR\= sitearchdir\=./.gem.20260925-90957-y3xsvf sitelibdir\=./.gem.20260925-90957-y3xsvf
compiling ruby_http_parser.c
In file included from ruby_http_parser.c:1:
In file included from /Users/smriti/.rbenv/versions/3.3.4/include/ruby-3.3.0/ruby.h:38:
In file included from /Users/smriti/.rbenv/versions/3.3.4/include/ruby-3.3.0/ruby/ruby.h:28:
In file included from /Users/smriti/.rbenv/versions/3.3.4/include/ruby-3.3.0/ruby/internal/arithmetic.h:24:
In file included from /Users/smriti/.rbenv/versions/3.3.4/include/ruby-3.3.0/ruby/internal/arithmetic/char.h:29:
/Users/smriti/.rbenv/versions/3.3.4/include/ruby-3.3.0/ruby/internal/core/rstring.h:398:24: warning: default initialization of an object of type 'struct RString' with const member leaves the object uninitialized [-Wdefault-const-init-field-unsafe]
  398 |         struct RString retval;
      |                        ^
/Users/smriti/.rbenv/versions/3.3.4/include/ruby-3.3.0/ruby/internal/core/rbasic.h:88:17: note: member 'klass' declared 'const' here
   88 |     const VALUE klass;
      |                 ^
ruby_http_parser.c:373:17: warning: comparison of integers of different signs: 'size_t' (aka 'unsigned long') and 'long' [-Wsign-compare]
  373 |     if (nparsed < len)
      |         ~~~~~~~ ^ ~~~
2 warnings generated.
compiling ryah_http_parser.c
linking shared-object ruby_http_parser.bundle

current directory: /Users/smriti/Documents/GitHub/smriti-ganapathi.github.io/vendor/bundle/ruby/3.3.0/gems/http_parser.rb-0.8.1/ext/ruby_http_parser
make DESTDIR\= sitearchdir\=./.gem.20260925-90957-y3xsvf sitelibdir\=./.gem.20260925-90957-y3xsvf install
/usr/bin/install -c -m 0755 ruby_http_parser.bundle ./.gem.20260925-90957-y3xsvf

current directory: /Users/smriti/Documents/GitHub/smriti-ganapathi.github.io/vendor/bundle/ruby/3.3.0/gems/http_parser.rb-0.8.1/ext/ruby_http_parser
make DESTDIR\= sitearchdir\=./.gem.20260925-90957-y3xsvf sitelibdir\=./.gem.20260925-90957-y3xsvf clean
