current directory: /Users/smriti/Documents/GitHub/smriti-ganapathi.github.io/vendor/bundle/ruby/3.3.0/gems/json-3.0.2/ext/json/ext/parser
/Users/smriti/.rbenv/versions/3.3.4/bin/ruby extconf.rb
checking for rb_enc_interned_str() in ruby/encoding.h... yes
checking for rb_str_to_interned_str() in ruby.h... yes
checking for rb_hash_new_capa() in ruby.h... yes
checking for rb_hash_bulk_insert() in ruby.h... yes
checking for ruby_xfree_sized() in ruby.h... no
checking for x86intrin.h... no
checking for intrin.h... no
checking for RUBY_TYPED_EMBEDDABLE in ruby.h... yes
checking for whether -std=c99 is accepted as CFLAGS... no
checking for whether -mno-outline is accepted as CFLAGS... no
checking for arm_neon.h... yes
checking for cpuid.h... no
creating Makefile

current directory: /Users/smriti/Documents/GitHub/smriti-ganapathi.github.io/vendor/bundle/ruby/3.3.0/gems/json-3.0.2/ext/json/ext/parser
make DESTDIR\= sitearchdir\=./.gem.20260925-90957-mtvnon sitelibdir\=./.gem.20260925-90957-mtvnon clean

current directory: /Users/smriti/Documents/GitHub/smriti-ganapathi.github.io/vendor/bundle/ruby/3.3.0/gems/json-3.0.2/ext/json/ext/parser
make DESTDIR\= sitearchdir\=./.gem.20260925-90957-mtvnon sitelibdir\=./.gem.20260925-90957-mtvnon
compiling parser.c
In file included from parser.c:1:
In file included from ./../json.h:4:
In file included from /Users/smriti/.rbenv/versions/3.3.4/include/ruby-3.3.0/ruby.h:38:
In file included from /Users/smriti/.rbenv/versions/3.3.4/include/ruby-3.3.0/ruby/ruby.h:28:
In file included from /Users/smriti/.rbenv/versions/3.3.4/include/ruby-3.3.0/ruby/internal/arithmetic.h:24:
In file included from /Users/smriti/.rbenv/versions/3.3.4/include/ruby-3.3.0/ruby/internal/arithmetic/char.h:29:
/Users/smriti/.rbenv/versions/3.3.4/include/ruby-3.3.0/ruby/internal/core/rstring.h:398:24: warning: default initialization of an object of type 'struct RString' with const member leaves the object uninitialized [-Wdefault-const-init-field-unsafe]
  398 |         struct RString retval;
      |                        ^
/Users/smriti/.rbenv/versions/3.3.4/include/ruby-3.3.0/ruby/internal/core/rbasic.h:88:17: note: member 'klass' declared 'const' here
   88 |     const VALUE klass;
      |                 ^
1 warning generated.
linking shared-object json/ext/parser.bundle

current directory: /Users/smriti/Documents/GitHub/smriti-ganapathi.github.io/vendor/bundle/ruby/3.3.0/gems/json-3.0.2/ext/json/ext/parser
make DESTDIR\= sitearchdir\=./.gem.20260925-90957-mtvnon sitelibdir\=./.gem.20260925-90957-mtvnon install
/usr/bin/install -c -m 0755 parser.bundle ./.gem.20260925-90957-mtvnon/json/ext

current directory: /Users/smriti/Documents/GitHub/smriti-ganapathi.github.io/vendor/bundle/ruby/3.3.0/gems/json-3.0.2/ext/json/ext/parser
make DESTDIR\= sitearchdir\=./.gem.20260925-90957-mtvnon sitelibdir\=./.gem.20260925-90957-mtvnon clean
